---
source: land.rs
expression: "WireLandStackResponse::arbitrary(&mut g)"
---
{"0":{"Err":{"1":"Â€","2":2786141136387072907}}}
